// Jest Snapshot v1, https://jestjs.io/docs/snapshot-testing

exports[`key should be decorated with prefix/suffix 1`] = `
<span>
  {{__phrase_key.id__}}
</span>
`;

exports[`translation should be rendered by default 1`] = `foo bar`;
